Archive member included to satisfy reference by file (symbol)

c:/st/stm32cubeide_1.2.0/stm32cubeide/plugins/com.st.stm32cube.ide.mcu.externaltools.gnu-tools-for-stm32.7-2018-q2-update.win32_1.0.0.201904181610/tools/bin/../lib/gcc/arm-none-eabi/7.3.1/../../../../arm-none-eabi/lib/thumb/v7-m\libc_nano.a(lib_a-errno.o)
                              Core/Src/syscalls.o (__errno)
c:/st/stm32cubeide_1.2.0/stm32cubeide/plugins/com.st.stm32cube.ide.mcu.externaltools.gnu-tools-for-stm32.7-2018-q2-update.win32_1.0.0.201904181610/tools/bin/../lib/gcc/arm-none-eabi/7.3.1/../../../../arm-none-eabi/lib/thumb/v7-m\libc_nano.a(lib_a-exit.o)
                              c:/st/stm32cubeide_1.2.0/stm32cubeide/plugins/com.st.stm32cube.ide.mcu.externaltools.gnu-tools-for-stm32.7-2018-q2-update.win32_1.0.0.201904181610/tools/bin/../lib/gcc/arm-none-eabi/7.3.1/../../../../arm-none-eabi/lib/thumb/v7-m/crt0.o (exit)
c:/st/stm32cubeide_1.2.0/stm32cubeide/plugins/com.st.stm32cube.ide.mcu.externaltools.gnu-tools-for-stm32.7-2018-q2-update.win32_1.0.0.201904181610/tools/bin/../lib/gcc/arm-none-eabi/7.3.1/../../../../arm-none-eabi/lib/thumb/v7-m\libc_nano.a(lib_a-impure.o)
                              c:/st/stm32cubeide_1.2.0/stm32cubeide/plugins/com.st.stm32cube.ide.mcu.externaltools.gnu-tools-for-stm32.7-2018-q2-update.win32_1.0.0.201904181610/tools/bin/../lib/gcc/arm-none-eabi/7.3.1/../../../../arm-none-eabi/lib/thumb/v7-m\libc_nano.a(lib_a-exit.o) (_global_impure_ptr)
c:/st/stm32cubeide_1.2.0/stm32cubeide/plugins/com.st.stm32cube.ide.mcu.externaltools.gnu-tools-for-stm32.7-2018-q2-update.win32_1.0.0.201904181610/tools/bin/../lib/gcc/arm-none-eabi/7.3.1/../../../../arm-none-eabi/lib/thumb/v7-m\libc_nano.a(lib_a-init.o)
                              c:/st/stm32cubeide_1.2.0/stm32cubeide/plugins/com.st.stm32cube.ide.mcu.externaltools.gnu-tools-for-stm32.7-2018-q2-update.win32_1.0.0.201904181610/tools/bin/../lib/gcc/arm-none-eabi/7.3.1/../../../../arm-none-eabi/lib/thumb/v7-m/crt0.o (__libc_init_array)
c:/st/stm32cubeide_1.2.0/stm32cubeide/plugins/com.st.stm32cube.ide.mcu.externaltools.gnu-tools-for-stm32.7-2018-q2-update.win32_1.0.0.201904181610/tools/bin/../lib/gcc/arm-none-eabi/7.3.1/../../../../arm-none-eabi/lib/thumb/v7-m\libc_nano.a(lib_a-memset.o)
                              c:/st/stm32cubeide_1.2.0/stm32cubeide/plugins/com.st.stm32cube.ide.mcu.externaltools.gnu-tools-for-stm32.7-2018-q2-update.win32_1.0.0.201904181610/tools/bin/../lib/gcc/arm-none-eabi/7.3.1/../../../../arm-none-eabi/lib/thumb/v7-m/crt0.o (memset)
c:/st/stm32cubeide_1.2.0/stm32cubeide/plugins/com.st.stm32cube.ide.mcu.externaltools.gnu-tools-for-stm32.7-2018-q2-update.win32_1.0.0.201904181610/tools/bin/../lib/gcc/arm-none-eabi/7.3.1/../../../../arm-none-eabi/lib/thumb/v7-m\libc_nano.a(lib_a-strlen.o)
                              Core/Src/usart.o (strlen)

Allocating common symbols
Common symbol       size              file

uwTick              0x4               Drivers/STM32F1xx_HAL_Driver/Src/stm32f1xx_hal.o
pFlash              0x20              Drivers/STM32F1xx_HAL_Driver/Src/stm32f1xx_hal_flash.o
huart1              0x40              Core/Src/main.o

Discarded input sections

 .text          0x0000000000000000        0x0 c:/st/stm32cubeide_1.2.0/stm32cubeide/plugins/com.st.stm32cube.ide.mcu.externaltools.gnu-tools-for-stm32.7-2018-q2-update.win32_1.0.0.201904181610/tools/bin/../lib/gcc/arm-none-eabi/7.3.1/thumb/v7-m/crti.o
 .data          0x0000000000000000        0x0 c:/st/stm32cubeide_1.2.0/stm32cubeide/plugins/com.st.stm32cube.ide.mcu.externaltools.gnu-tools-for-stm32.7-2018-q2-update.win32_1.0.0.201904181610/tools/bin/../lib/gcc/arm-none-eabi/7.3.1/thumb/v7-m/crti.o
 .bss           0x0000000000000000        0x0 c:/st/stm32cubeide_1.2.0/stm32cubeide/plugins/com.st.stm32cube.ide.mcu.externaltools.gnu-tools-for-stm32.7-2018-q2-update.win32_1.0.0.201904181610/tools/bin/../lib/gcc/arm-none-eabi/7.3.1/thumb/v7-m/crti.o
 .data          0x0000000000000000        0x4 c:/st/stm32cubeide_1.2.0/stm32cubeide/plugins/com.st.stm32cube.ide.mcu.externaltools.gnu-tools-for-stm32.7-2018-q2-update.win32_1.0.0.201904181610/tools/bin/../lib/gcc/arm-none-eabi/7.3.1/thumb/v7-m/crtbegin.o
 .text          0x0000000000000000       0x74 c:/st/stm32cubeide_1.2.0/stm32cubeide/plugins/com.st.stm32cube.ide.mcu.externaltools.gnu-tools-for-stm32.7-2018-q2-update.win32_1.0.0.201904181610/tools/bin/../lib/gcc/arm-none-eabi/7.3.1/../../../../arm-none-eabi/lib/thumb/v7-m/crt0.o
 .data          0x0000000000000000        0x0 c:/st/stm32cubeide_1.2.0/stm32cubeide/plugins/com.st.stm32cube.ide.mcu.externaltools.gnu-tools-for-stm32.7-2018-q2-update.win32_1.0.0.201904181610/tools/bin/../lib/gcc/arm-none-eabi/7.3.1/../../../../arm-none-eabi/lib/thumb/v7-m/crt0.o
[...]
Memory Configuration

Name             Origin             Length             Attributes
RAM              0x0000000020000000 0x0000000000005000 xrw
FLASH            0x0000000008000000 0x0000000000010000 xr
*default*        0x0000000000000000 0xffffffffffffffff

Linker script and memory map

LOAD c:/st/stm32cubeide_1.2.0/stm32cubeide/plugins/com.st.stm32cube.ide.mcu.externaltools.gnu-tools-for-stm32.7-2018-q2-update.win32_1.0.0.201904181610/tools/bin/../lib/gcc/arm-none-eabi/7.3.1/thumb/v7-m/crti.o
LOAD c:/st/stm32cubeide_1.2.0/stm32cubeide/plugins/com.st.stm32cube.ide.mcu.externaltools.gnu-tools-for-stm32.7-2018-q2-update.win32_1.0.0.201904181610/tools/bin/../lib/gcc/arm-none-eabi/7.3.1/thumb/v7-m/crtbegin.o
LOAD c:/st/stm32cubeide_1.2.0/stm32cubeide/plugins/com.st.stm32cube.ide.mcu.externaltools.gnu-tools-for-stm32.7-2018-q2-update.win32_1.0.0.201904181610/tools/bin/../lib/gcc/arm-none-eabi/7.3.1/../../../../arm-none-eabi/lib/thumb/v7-m/crt0.o
LOAD Core/Src/main.o
LOAD Core/Src/stm32f1xx_hal_msp.o
LOAD Core/Src/stm32f1xx_it.o
LOAD Core/Src/syscalls.o
LOAD Core/Src/sysmem.o
LOAD Core/Src/system_stm32f1xx.o
LOAD Core/Src/usart.o
LOAD Core/Startup/startup_stm32f103c8tx.o
LOAD Drivers/STM32F1xx_HAL_Driver/Src/stm32f1xx_hal.o
LOAD Drivers/STM32F1xx_HAL_Driver/Src/stm32f1xx_hal_cortex.o
LOAD Drivers/STM32F1xx_HAL_Driver/Src/stm32f1xx_hal_dma.o
LOAD Drivers/STM32F1xx_HAL_Driver/Src/stm32f1xx_hal_exti.o
LOAD Drivers/STM32F1xx_HAL_Driver/Src/stm32f1xx_hal_flash.o
LOAD Drivers/STM32F1xx_HAL_Driver/Src/stm32f1xx_hal_flash_ex.o
LOAD Drivers/STM32F1xx_HAL_Driver/Src/stm32f1xx_hal_gpio.o
LOAD Drivers/STM32F1xx_HAL_Driver/Src/stm32f1xx_hal_gpio_ex.o
LOAD Drivers/STM32F1xx_HAL_Driver/Src/stm32f1xx_hal_pwr.o
LOAD Drivers/STM32F1xx_HAL_Driver/Src/stm32f1xx_hal_rcc.o
LOAD Drivers/STM32F1xx_HAL_Driver/Src/stm32f1xx_hal_rcc_ex.o
LOAD Drivers/STM32F1xx_HAL_Driver/Src/stm32f1xx_hal_tim.o
LOAD Drivers/STM32F1xx_HAL_Driver/Src/stm32f1xx_hal_tim_ex.o
LOAD Drivers/STM32F1xx_HAL_Driver/Src/stm32f1xx_hal_uart.o
START GROUP
LOAD c:/st/stm32cubeide_1.2.0/stm32cubeide/plugins/com.st.stm32cube.ide.mcu.externaltools.gnu-tools-for-stm32.7-2018-q2-update.win32_1.0.0.201904181610/tools/bin/../lib/gcc/arm-none-eabi/7.3.1/../../../../arm-none-eabi/lib/thumb/v7-m\libc_nano.a
LOAD c:/st/stm32cubeide_1.2.0/stm32cubeide/plugins/com.st.stm32cube.ide.mcu.externaltools.gnu-tools-for-stm32.7-2018-q2-update.win32_1.0.0.201904181610/tools/bin/../lib/gcc/arm-none-eabi/7.3.1/../../../../arm-none-eabi/lib/thumb/v7-m\libm.a
END GROUP
START GROUP
LOAD c:/st/stm32cubeide_1.2.0/stm32cubeide/plugins/com.st.stm32cube.ide.mcu.externaltools.gnu-tools-for-stm32.7-2018-q2-update.win32_1.0.0.201904181610/tools/bin/../lib/gcc/arm-none-eabi/7.3.1/thumb/v7-m\libgcc.a
LOAD c:/st/stm32cubeide_1.2.0/stm32cubeide/plugins/com.st.stm32cube.ide.mcu.externaltools.gnu-tools-for-stm32.7-2018-q2-update.win32_1.0.0.201904181610/tools/bin/../lib/gcc/arm-none-eabi/7.3.1/../../../../arm-none-eabi/lib/thumb/v7-m\libc_nano.a
END GROUP
START GROUP
LOAD c:/st/stm32cubeide_1.2.0/stm32cubeide/plugins/com.st.stm32cube.ide.mcu.externaltools.gnu-tools-for-stm32.7-2018-q2-update.win32_1.0.0.201904181610/tools/bin/../lib/gcc/arm-none-eabi/7.3.1/thumb/v7-m\libgcc.a
LOAD c:/st/stm32cubeide_1.2.0/stm32cubeide/plugins/com.st.stm32cube.ide.mcu.externaltools.gnu-tools-for-stm32.7-2018-q2-update.win32_1.0.0.201904181610/tools/bin/../lib/gcc/arm-none-eabi/7.3.1/../../../../arm-none-eabi/lib/thumb/v7-m\libc_nano.a
LOAD c:/st/stm32cubeide_1.2.0/stm32cubeide/plugins/com.st.stm32cube.ide.mcu.externaltools.gnu-tools-for-stm32.7-2018-q2-update.win32_1.0.0.201904181610/tools/bin/../lib/gcc/arm-none-eabi/7.3.1/../../../../arm-none-eabi/lib/thumb/v7-m\libnosys.a
END GROUP
START GROUP
LOAD c:/st/stm32cubeide_1.2.0/stm32cubeide/plugins/com.st.stm32cube.ide.mcu.externaltools.gnu-tools-for-stm32.7-2018-q2-update.win32_1.0.0.201904181610/tools/bin/../lib/gcc/arm-none-eabi/7.3.1/thumb/v7-m\libgcc.a
LOAD c:/st/stm32cubeide_1.2.0/stm32cubeide/plugins/com.st.stm32cube.ide.mcu.externaltools.gnu-tools-for-stm32.7-2018-q2-update.win32_1.0.0.201904181610/tools/bin/../lib/gcc/arm-none-eabi/7.3.1/../../../../arm-none-eabi/lib/thumb/v7-m\libc_nano.a
LOAD c:/st/stm32cubeide_1.2.0/stm32cubeide/plugins/com.st.stm32cube.ide.mcu.externaltools.gnu-tools-for-stm32.7-2018-q2-update.win32_1.0.0.201904181610/tools/bin/../lib/gcc/arm-none-eabi/7.3.1/../../../../arm-none-eabi/lib/thumb/v7-m\libnosys.a
END GROUP
LOAD c:/st/stm32cubeide_1.2.0/stm32cubeide/plugins/com.st.stm32cube.ide.mcu.externaltools.gnu-tools-for-stm32.7-2018-q2-update.win32_1.0.0.201904181610/tools/bin/../lib/gcc/arm-none-eabi/7.3.1/thumb/v7-m/crtend.o
LOAD c:/st/stm32cubeide_1.2.0/stm32cubeide/plugins/com.st.stm32cube.ide.mcu.externaltools.gnu-tools-for-stm32.7-2018-q2-update.win32_1.0.0.201904181610/tools/bin/../lib/gcc/arm-none-eabi/7.3.1/thumb/v7-m/crtn.o
                0x0000000020005000                _estack = (ORIGIN (RAM) + LENGTH (RAM))
                0x0000000000000200                _Min_Heap_Size = 0x200
                0x0000000000000400                _Min_Stack_Size = 0x400

.isr_vector     0x0000000008000000      0x10c
                0x0000000008000000                . = ALIGN (0x4)
 *(.isr_vector)
 .isr_vector    0x0000000008000000      0x10c Core/Startup/startup_stm32f103c8tx.o
                0x0000000008000000                g_pfnVectors
                0x000000000800010c                . = ALIGN (0x4)

.text           0x000000000800010c     0x1d84
                0x000000000800010c                . = ALIGN (0x4)
 *(.text)
 .text          0x000000000800010c       0x40 c:/st/stm32cubeide_1.2.0/stm32cubeide/plugins/com.st.stm32cube.ide.mcu.externaltools.gnu-tools-for-stm32.7-2018-q2-update.win32_1.0.0.201904181610/tools/bin/../lib/gcc/arm-none-eabi/7.3.1/thumb/v7-m/crtbegin.o
 .text          0x000000000800014c       0x10 c:/st/stm32cubeide_1.2.0/stm32cubeide/plugins/com.st.stm32cube.ide.mcu.externaltools.gnu-tools-for-stm32.7-2018-q2-update.win32_1.0.0.201904181610/tools/bin/../lib/gcc/arm-none-eabi/7.3.1/../../../../arm-none-eabi/lib/thumb/v7-m\libc_nano.a(lib_a-strlen.o)
                0x000000000800014c                strlen
 *(.text*)
 .text.main     0x000000000800015c       0x6c Core/Src/main.o
                0x000000000800015c                main
 .text.SystemClock_Config
                0x00000000080001c8       0x76 Core/Src/main.o
                0x00000000080001c8                SystemClock_Config
 *fill*         0x000000000800023e        0x2 
 .text.MX_USART1_UART_Init
                0x0000000008000240       0x54 Core/Src/main.o
 .text.MX_GPIO_Init
                0x0000000008000294       0x2c Core/Src/main.o
 .text.Error_Handler
                0x00000000080002c0        0xc Core/Src/main.o
                0x00000000080002c0                Error_Handler
 .text.HAL_MspInit
                0x00000000080002cc       0x64 Core/Src/stm32f1xx_hal_msp.o
                0x00000000080002cc                HAL_MspInit
 .text.HAL_UART_MspInit
                0x0000000008000330       0xa8 Core/Src/stm32f1xx_hal_msp.o
                0x0000000008000330                HAL_UART_MspInit
 .text.NMI_Handler
                0x00000000080003d8        0xc Core/Src/stm32f1xx_it.o
                0x00000000080003d8                NMI_Handler
 .text.HardFault_Handler
                0x00000000080003e4        0x6 Core/Src/stm32f1xx_it.o
                0x00000000080003e4                HardFault_Handler
 .text.MemManage_Handler
                0x00000000080003ea        0x6 Core/Src/stm32f1xx_it.o
                0x00000000080003ea                MemManage_Handler
 .text.BusFault_Handler
                0x00000000080003f0        0x6 Core/Src/stm32f1xx_it.o
                0x00000000080003f0                BusFault_Handler
 .text.UsageFault_Handler
                0x00000000080003f6        0x6 Core/Src/stm32f1xx_it.o
                0x00000000080003f6                UsageFault_Handler
 .text.SVC_Handler
                0x00000000080003fc        0xc Core/Src/stm32f1xx_it.o
                0x00000000080003fc                SVC_Handler
 .text.DebugMon_Handler
                0x0000000008000408        0xc Core/Src/stm32f1xx_it.o
                0x0000000008000408                DebugMon_Handler
 .text.PendSV_Handler
                0x0000000008000414        0xc Core/Src/stm32f1xx_it.o
                0x0000000008000414                PendSV_Handler
 .text.SysTick_Handler
                0x0000000008000420        0xc Core/Src/stm32f1xx_it.o
                0x0000000008000420                SysTick_Handler
 .text.USART1_IRQHandler
                0x000000000800042c       0x14 Core/Src/stm32f1xx_it.o
                0x000000000800042c                USART1_IRQHandler
 .text.SystemInit
                0x0000000008000440       0x68 Core/Src/system_stm32f1xx.o
                0x0000000008000440                SystemInit
 .text.USART_transmit
                0x00000000080004a8       0x3c Core/Src/usart.o
                0x00000000080004a8                USART_transmit
 .text.USART_receive
                0x00000000080004e4       0x26 Core/Src/usart.o
                0x00000000080004e4                USART_receive
 *fill*         0x000000000800050a        0x2 
 .text.Reset_Handler
                0x000000000800050c       0x48 Core/Startup/startup_stm32f103c8tx.o
                0x000000000800050c                Reset_Handler
 .text.Default_Handler
                0x0000000008000554        0x2 Core/Startup/startup_stm32f103c8tx.o
                0x0000000008000554                RTC_Alarm_IRQHandler
                0x0000000008000554                EXTI2_IRQHandler
                0x0000000008000554                TIM1_CC_IRQHandler
                0x0000000008000554                PVD_IRQHandler
                0x0000000008000554                EXTI3_IRQHandler
                0x0000000008000554                EXTI0_IRQHandler
                0x0000000008000554                I2C2_EV_IRQHandler
                0x0000000008000554                ADC1_2_IRQHandler
                0x0000000008000554                SPI1_IRQHandler
                0x0000000008000554                TAMPER_IRQHandler
                0x0000000008000554                DMA1_Channel4_IRQHandler
                0x0000000008000554                USART3_IRQHandler
                0x0000000008000554                RTC_IRQHandler
                0x0000000008000554                DMA1_Channel7_IRQHandler
                0x0000000008000554                CAN1_RX1_IRQHandler
                0x0000000008000554                TIM4_IRQHandler
                0x0000000008000554                I2C1_EV_IRQHandler
                0x0000000008000554                DMA1_Channel6_IRQHandler
                0x0000000008000554                TIM3_IRQHandler
                0x0000000008000554                RCC_IRQHandler
                0x0000000008000554                TIM1_TRG_COM_IRQHandler
                0x0000000008000554                DMA1_Channel1_IRQHandler
                0x0000000008000554                Default_Handler
                0x0000000008000554                EXTI15_10_IRQHandler
                0x0000000008000554                EXTI9_5_IRQHandler
                0x0000000008000554                SPI2_IRQHandler
                0x0000000008000554                DMA1_Channel5_IRQHandler
                0x0000000008000554                EXTI4_IRQHandler
                0x0000000008000554                USB_LP_CAN1_RX0_IRQHandler
                0x0000000008000554                USB_HP_CAN1_TX_IRQHandler
                0x0000000008000554                DMA1_Channel3_IRQHandler
                0x0000000008000554                TIM1_UP_IRQHandler
                0x0000000008000554                WWDG_IRQHandler
                0x0000000008000554                TIM2_IRQHandler
                0x0000000008000554                TIM1_BRK_IRQHandler
                0x0000000008000554                EXTI1_IRQHandler
                0x0000000008000554                USART2_IRQHandler
                0x0000000008000554                I2C2_ER_IRQHandler
                0x0000000008000554                DMA1_Channel2_IRQHandler
                0x0000000008000554                CAN1_SCE_IRQHandler
                0x0000000008000554                FLASH_IRQHandler
                0x0000000008000554                I2C1_ER_IRQHandler
                0x0000000008000554                USBWakeUp_IRQHandler
 *fill*         0x0000000008000556        0x2 
 .text.HAL_Init
                0x0000000008000558       0x2c Drivers/STM32F1xx_HAL_Driver/Src/stm32f1xx_hal.o
                0x0000000008000558                HAL_Init
 .text.HAL_InitTick
                0x0000000008000584       0x60 Drivers/STM32F1xx_HAL_Driver/Src/stm32f1xx_hal.o
                0x0000000008000584                HAL_InitTick
 .text.HAL_IncTick
                0x00000000080005e4       0x24 Drivers/STM32F1xx_HAL_Driver/Src/stm32f1xx_hal.o
                0x00000000080005e4                HAL_IncTick
 .text.HAL_GetTick
                0x0000000008000608       0x14 Drivers/STM32F1xx_HAL_Driver/Src/stm32f1xx_hal.o
                0x0000000008000608                HAL_GetTick
 .text.HAL_Delay
                0x000000000800061c       0x44 Drivers/STM32F1xx_HAL_Driver/Src/stm32f1xx_hal.o
                0x000000000800061c                HAL_Delay
 .text.__NVIC_SetPriorityGrouping
                0x0000000008000660       0x48 Drivers/STM32F1xx_HAL_Driver/Src/stm32f1xx_hal_cortex.o
 .text.__NVIC_GetPriorityGrouping
                0x00000000080006a8       0x1c Drivers/STM32F1xx_HAL_Driver/Src/stm32f1xx_hal_cortex.o
 .text.__NVIC_EnableIRQ
                0x00000000080006c4       0x38 Drivers/STM32F1xx_HAL_Driver/Src/stm32f1xx_hal_cortex.o
 .text.__NVIC_SetPriority
                0x00000000080006fc       0x54 Drivers/STM32F1xx_HAL_Driver/Src/stm32f1xx_hal_cortex.o
 .text.NVIC_EncodePriority
                0x0000000008000750       0x64 Drivers/STM32F1xx_HAL_Driver/Src/stm32f1xx_hal_cortex.o
 .text.SysTick_Config
                0x00000000080007b4       0x44 Drivers/STM32F1xx_HAL_Driver/Src/stm32f1xx_hal_cortex.o
 .text.HAL_NVIC_SetPriorityGrouping
                0x00000000080007f8       0x16 Drivers/STM32F1xx_HAL_Driver/Src/stm32f1xx_hal_cortex.o
                0x00000000080007f8                HAL_NVIC_SetPriorityGrouping
 .text.HAL_NVIC_SetPriority
                0x000000000800080e       0x38 Drivers/STM32F1xx_HAL_Driver/Src/stm32f1xx_hal_cortex.o
                0x000000000800080e                HAL_NVIC_SetPriority
 .text.HAL_NVIC_EnableIRQ
                0x0000000008000846       0x1c Drivers/STM32F1xx_HAL_Driver/Src/stm32f1xx_hal_cortex.o
                0x0000000008000846                HAL_NVIC_EnableIRQ
 .text.HAL_SYSTICK_Config
                0x0000000008000862       0x18 Drivers/STM32F1xx_HAL_Driver/Src/stm32f1xx_hal_cortex.o
                0x0000000008000862                HAL_SYSTICK_Config
 *fill*         0x000000000800087a        0x2 
 .text.HAL_DMA_Abort_IT
                0x000000000800087c       0xec Drivers/STM32F1xx_HAL_Driver/Src/stm32f1xx_hal_dma.o
                0x000000000800087c                HAL_DMA_Abort_IT
 .text.HAL_GPIO_Init
                0x0000000008000968      0x2b4 Drivers/STM32F1xx_HAL_Driver/Src/stm32f1xx_hal_gpio.o
                0x0000000008000968                HAL_GPIO_Init
 .text.HAL_RCC_OscConfig
                0x0000000008000c1c      0x500 Drivers/STM32F1xx_HAL_Driver/Src/stm32f1xx_hal_rcc.o
                0x0000000008000c1c                HAL_RCC_OscConfig
 .text.HAL_RCC_ClockConfig
                0x000000000800111c      0x1d4 Drivers/STM32F1xx_HAL_Driver/Src/stm32f1xx_hal_rcc.o
                0x000000000800111c                HAL_RCC_ClockConfig
 .text.HAL_RCC_GetSysClockFreq
                0x00000000080012f0       0xc4 Drivers/STM32F1xx_HAL_Driver/Src/stm32f1xx_hal_rcc.o
                0x00000000080012f0                HAL_RCC_GetSysClockFreq
 .text.HAL_RCC_GetHCLKFreq
                0x00000000080013b4       0x14 Drivers/STM32F1xx_HAL_Driver/Src/stm32f1xx_hal_rcc.o
                0x00000000080013b4                HAL_RCC_GetHCLKFreq
 .text.HAL_RCC_GetPCLK1Freq
                0x00000000080013c8       0x28 Drivers/STM32F1xx_HAL_Driver/Src/stm32f1xx_hal_rcc.o
                0x00000000080013c8                HAL_RCC_GetPCLK1Freq
 .text.HAL_RCC_GetPCLK2Freq
                0x00000000080013f0       0x28 Drivers/STM32F1xx_HAL_Driver/Src/stm32f1xx_hal_rcc.o
                0x00000000080013f0                HAL_RCC_GetPCLK2Freq
 .text.RCC_Delay
                0x0000000008001418       0x3c Drivers/STM32F1xx_HAL_Driver/Src/stm32f1xx_hal_rcc.o
 .text.HAL_UART_Init
                0x0000000008001454       0x9a Drivers/STM32F1xx_HAL_Driver/Src/stm32f1xx_hal_uart.o
                0x0000000008001454                HAL_UART_Init
 .text.HAL_UART_Transmit
                0x00000000080014ee      0x132 Drivers/STM32F1xx_HAL_Driver/Src/stm32f1xx_hal_uart.o
                0x00000000080014ee                HAL_UART_Transmit
 .text.HAL_UART_Receive
                0x0000000008001620      0x14c Drivers/STM32F1xx_HAL_Driver/Src/stm32f1xx_hal_uart.o
                0x0000000008001620                HAL_UART_Receive
 .text.HAL_UART_IRQHandler
                0x000000000800176c      0x1f8 Drivers/STM32F1xx_HAL_Driver/Src/stm32f1xx_hal_uart.o
                0x000000000800176c                HAL_UART_IRQHandler
 .text.HAL_UART_TxCpltCallback
                0x0000000008001964       0x12 Drivers/STM32F1xx_HAL_Driver/Src/stm32f1xx_hal_uart.o
                0x0000000008001964                HAL_UART_TxCpltCallback
 .text.HAL_UART_RxCpltCallback
                0x0000000008001976       0x12 Drivers/STM32F1xx_HAL_Driver/Src/stm32f1xx_hal_uart.o
                0x0000000008001976                HAL_UART_RxCpltCallback
 .text.HAL_UART_ErrorCallback
                0x0000000008001988       0x12 Drivers/STM32F1xx_HAL_Driver/Src/stm32f1xx_hal_uart.o
                0x0000000008001988                HAL_UART_ErrorCallback
 .text.UART_WaitOnFlagUntilTimeout
                0x000000000800199a       0x94 Drivers/STM32F1xx_HAL_Driver/Src/stm32f1xx_hal_uart.o
 .text.UART_EndRxTransfer
                0x0000000008001a2e       0x3a Drivers/STM32F1xx_HAL_Driver/Src/stm32f1xx_hal_uart.o
 .text.UART_DMAAbortOnError
                0x0000000008001a68       0x28 Drivers/STM32F1xx_HAL_Driver/Src/stm32f1xx_hal_uart.o
 .text.UART_Transmit_IT
                0x0000000008001a90       0xaa Drivers/STM32F1xx_HAL_Driver/Src/stm32f1xx_hal_uart.o
 .text.UART_EndTransmit_IT
                0x0000000008001b3a       0x30 Drivers/STM32F1xx_HAL_Driver/Src/stm32f1xx_hal_uart.o
 .text.UART_Receive_IT
                0x0000000008001b6a      0x102 Drivers/STM32F1xx_HAL_Driver/Src/stm32f1xx_hal_uart.o
 .text.UART_SetConfig
                0x0000000008001c6c      0x1b4 Drivers/STM32F1xx_HAL_Driver/Src/stm32f1xx_hal_uart.o
 .text.__libc_init_array
                0x0000000008001e20       0x48 c:/st/stm32cubeide_1.2.0/stm32cubeide/plugins/com.st.stm32cube.ide.mcu.externaltools.gnu-tools-for-stm32.7-2018-q2-update.win32_1.0.0.201904181610/tools/bin/../lib/gcc/arm-none-eabi/7.3.1/../../../../arm-none-eabi/lib/thumb/v7-m\libc_nano.a(lib_a-init.o)
                0x0000000008001e20                __libc_init_array
 .text.memset   0x0000000008001e68       0x10 c:/st/stm32cubeide_1.2.0/stm32cubeide/plugins/com.st.stm32cube.ide.mcu.externaltools.gnu-tools-for-stm32.7-2018-q2-update.win32_1.0.0.201904181610/tools/bin/../lib/gcc/arm-none-eabi/7.3.1/../../../../arm-none-eabi/lib/thumb/v7-m\libc_nano.a(lib_a-memset.o)
                0x0000000008001e68                memset
 *(.glue_7)
 .glue_7        0x0000000008001e78        0x0 linker stubs
 *(.glue_7t)
 .glue_7t       0x0000000008001e78        0x0 linker stubs
 *(.eh_frame)
 .eh_frame      0x0000000008001e78        0x0 c:/st/stm32cubeide_1.2.0/stm32cubeide/plugins/com.st.stm32cube.ide.mcu.externaltools.gnu-tools-for-stm32.7-2018-q2-update.win32_1.0.0.201904181610/tools/bin/../lib/gcc/arm-none-eabi/7.3.1/thumb/v7-m/crtbegin.o
 *(.init)
 .init          0x0000000008001e78        0x4 c:/st/stm32cubeide_1.2.0/stm32cubeide/plugins/com.st.stm32cube.ide.mcu.externaltools.gnu-tools-for-stm32.7-2018-q2-update.win32_1.0.0.201904181610/tools/bin/../lib/gcc/arm-none-eabi/7.3.1/thumb/v7-m/crti.o
                0x0000000008001e78                _init
 .init          0x0000000008001e7c        0x8 c:/st/stm32cubeide_1.2.0/stm32cubeide/plugins/com.st.stm32cube.ide.mcu.externaltools.gnu-tools-for-stm32.7-2018-q2-update.win32_1.0.0.201904181610/tools/bin/../lib/gcc/arm-none-eabi/7.3.1/thumb/v7-m/crtn.o
 *(.fini)
 .fini          0x0000000008001e84        0x4 c:/st/stm32cubeide_1.2.0/stm32cubeide/plugins/com.st.stm32cube.ide.mcu.externaltools.gnu-tools-for-stm32.7-2018-q2-update.win32_1.0.0.201904181610/tools/bin/../lib/gcc/arm-none-eabi/7.3.1/thumb/v7-m/crti.o
                0x0000000008001e84                _fini
 .fini          0x0000000008001e88        0x8 c:/st/stm32cubeide_1.2.0/stm32cubeide/plugins/com.st.stm32cube.ide.mcu.externaltools.gnu-tools-for-stm32.7-2018-q2-update.win32_1.0.0.201904181610/tools/bin/../lib/gcc/arm-none-eabi/7.3.1/thumb/v7-m/crtn.o
                0x0000000008001e90                . = ALIGN (0x4)
                0x0000000008001e90                _etext = .

.vfp11_veneer   0x0000000008001e90        0x0
 .vfp11_veneer  0x0000000008001e90        0x0 linker stubs

.v4_bx          0x0000000008001e90        0x0
 .v4_bx         0x0000000008001e90        0x0 linker stubs

.iplt           0x0000000008001e90        0x0
 .iplt          0x0000000008001e90        0x0 c:/st/stm32cubeide_1.2.0/stm32cubeide/plugins/com.st.stm32cube.ide.mcu.externaltools.gnu-tools-for-stm32.7-2018-q2-update.win32_1.0.0.201904181610/tools/bin/../lib/gcc/arm-none-eabi/7.3.1/thumb/v7-m/crtbegin.o

.rodata         0x0000000008001e90       0x60
                0x0000000008001e90                . = ALIGN (0x4)
 *(.rodata)
 .rodata        0x0000000008001e90       0x31 Core/Src/main.o
 *fill*         0x0000000008001ec1        0x3 
 .rodata        0x0000000008001ec4       0x12 Drivers/STM32F1xx_HAL_Driver/Src/stm32f1xx_hal_rcc.o
 *(.rodata*)
 *fill*         0x0000000008001ed6        0x2 
 .rodata.AHBPrescTable
                0x0000000008001ed8       0x10 Core/Src/system_stm32f1xx.o
                0x0000000008001ed8                AHBPrescTable
 .rodata.APBPrescTable
                0x0000000008001ee8        0x8 Core/Src/system_stm32f1xx.o
                0x0000000008001ee8                APBPrescTable
                0x0000000008001ef0                . = ALIGN (0x4)

.rel.dyn        0x0000000008001ef0        0x0
 .rel.iplt      0x0000000008001ef0        0x0 c:/st/stm32cubeide_1.2.0/stm32cubeide/plugins/com.st.stm32cube.ide.mcu.externaltools.gnu-tools-for-stm32.7-2018-q2-update.win32_1.0.0.201904181610/tools/bin/../lib/gcc/arm-none-eabi/7.3.1/thumb/v7-m/crtbegin.o

.ARM.extab      0x0000000008001ef0        0x0
                0x0000000008001ef0                . = ALIGN (0x4)
 *(.ARM.extab* .gnu.linkonce.armextab.*)
                0x0000000008001ef0                . = ALIGN (0x4)

.ARM            0x0000000008001ef0        0x0
                0x0000000008001ef0                . = ALIGN (0x4)
                0x0000000008001ef0                __exidx_start = .
 *(.ARM.exidx*)
                0x0000000008001ef0                __exidx_end = .
                0x0000000008001ef0                . = ALIGN (0x4)

.preinit_array  0x0000000008001ef0        0x0
                0x0000000008001ef0                . = ALIGN (0x4)
                0x0000000008001ef0                PROVIDE (__preinit_array_start = .)
 *(.preinit_array*)
                0x0000000008001ef0                PROVIDE (__preinit_array_end = .)
                0x0000000008001ef0                . = ALIGN (0x4)

.init_array     0x0000000008001ef0        0x4
                0x0000000008001ef0                . = ALIGN (0x4)
                0x0000000008001ef0                PROVIDE (__init_array_start = .)
 *(SORT_BY_NAME(.init_array.*))
 *(.init_array*)
 .init_array    0x0000000008001ef0        0x4 c:/st/stm32cubeide_1.2.0/stm32cubeide/plugins/com.st.stm32cube.ide.mcu.externaltools.gnu-tools-for-stm32.7-2018-q2-update.win32_1.0.0.201904181610/tools/bin/../lib/gcc/arm-none-eabi/7.3.1/thumb/v7-m/crtbegin.o
                0x0000000008001ef4                PROVIDE (__init_array_end = .)
                0x0000000008001ef4                . = ALIGN (0x4)

.fini_array     0x0000000008001ef4        0x4
                0x0000000008001ef4                . = ALIGN (0x4)
                [!provide]                        PROVIDE (__fini_array_start = .)
 *(SORT_BY_NAME(.fini_array.*))
 *(.fini_array*)
 .fini_array    0x0000000008001ef4        0x4 c:/st/stm32cubeide_1.2.0/stm32cubeide/plugins/com.st.stm32cube.ide.mcu.externaltools.gnu-tools-for-stm32.7-2018-q2-update.win32_1.0.0.201904181610/tools/bin/../lib/gcc/arm-none-eabi/7.3.1/thumb/v7-m/crtbegin.o
                [!provide]                        PROVIDE (__fini_array_end = .)
                0x0000000008001ef8                . = ALIGN (0x4)
                0x0000000008001ef8                _sidata = LOADADDR (.data)

.data           0x0000000020000000        0xc load address 0x0000000008001ef8
                0x0000000020000000                . = ALIGN (0x4)
                0x0000000020000000                _sdata = .
 *(.data)
 *(.data*)
 .data.SystemCoreClock
                0x0000000020000000        0x4 Core/Src/system_stm32f1xx.o
                0x0000000020000000                SystemCoreClock
 .data.uwTickPrio
                0x0000000020000004        0x4 Drivers/STM32F1xx_HAL_Driver/Src/stm32f1xx_hal.o
                0x0000000020000004                uwTickPrio
 .data.uwTickFreq
                0x0000000020000008        0x1 Drivers/STM32F1xx_HAL_Driver/Src/stm32f1xx_hal.o
                0x0000000020000008                uwTickFreq
                0x000000002000000c                . = ALIGN (0x4)
 *fill*         0x0000000020000009        0x3 
                0x000000002000000c                _edata = .

.igot.plt       0x000000002000000c        0x0 load address 0x0000000008001f04
 .igot.plt      0x000000002000000c        0x0 c:/st/stm32cubeide_1.2.0/stm32cubeide/plugins/com.st.stm32cube.ide.mcu.externaltools.gnu-tools-for-stm32.7-2018-q2-update.win32_1.0.0.201904181610/tools/bin/../lib/gcc/arm-none-eabi/7.3.1/thumb/v7-m/crtbegin.o
                0x000000002000000c                . = ALIGN (0x4)

.bss            0x000000002000000c       0x60 load address 0x0000000008001f04
                0x000000002000000c                _sbss = .
                0x000000002000000c                __bss_start__ = _sbss
 *(.bss)
 .bss           0x000000002000000c       0x1c c:/st/stm32cubeide_1.2.0/stm32cubeide/plugins/com.st.stm32cube.ide.mcu.externaltools.gnu-tools-for-stm32.7-2018-q2-update.win32_1.0.0.201904181610/tools/bin/../lib/gcc/arm-none-eabi/7.3.1/thumb/v7-m/crtbegin.o
 *(.bss*)
 *(COMMON)
 COMMON         0x0000000020000028       0x40 Core/Src/main.o
                0x0000000020000028                huart1
 COMMON         0x0000000020000068        0x4 Drivers/STM32F1xx_HAL_Driver/Src/stm32f1xx_hal.o
                0x0000000020000068                uwTick
                0x000000002000006c                . = ALIGN (0x4)
                0x000000002000006c                _ebss = .
                0x000000002000006c                __bss_end__ = _ebss

._user_heap_stack
                0x000000002000006c      0x604 load address 0x0000000008001f04
                0x0000000020000070                . = ALIGN (0x8)
 *fill*         0x000000002000006c        0x4 
                0x0000000020000070                PROVIDE (end = .)
                [!provide]                        PROVIDE (_end = .)
                0x0000000020000270                . = (. + _Min_Heap_Size)
 *fill*         0x0000000020000070      0x200 
                0x0000000020000670                . = (. + _Min_Stack_Size)
 *fill*         0x0000000020000270      0x400 
                0x0000000020000670                . = ALIGN (0x8)

/DISCARD/
 libc.a(*)
 libm.a(*)
 libgcc.a(*)

.ARM.attributes
                0x0000000000000000       0x29
 *(.ARM.attributes)
 .ARM.attributes
                0x0000000000000000       0x1d c:/st/stm32cubeide_1.2.0/stm32cubeide/plugins/com.st.stm32cube.ide.mcu.externaltools.gnu-tools-for-stm32.7-2018-q2-update.win32_1.0.0.201904181610/tools/bin/../lib/gcc/arm-none-eabi/7.3.1/thumb/v7-m/crti.o
 .ARM.attributes
                0x000000000000001d       0x2d c:/st/stm32cubeide_1.2.0/stm32cubeide/plugins/com.st.stm32cube.ide.mcu.externaltools.gnu-tools-for-stm32.7-2018-q2-update.win32_1.0.0.201904181610/tools/bin/../lib/gcc/arm-none-eabi/7.3.1/thumb/v7-m/crtbegin.o
 .ARM.attributes
                0x000000000000004a       0x33 Core/Src/main.o
 .ARM.attributes
                0x000000000000007d       0x33 Core/Src/stm32f1xx_hal_msp.o
 .ARM.attributes
                0x00000000000000b0       0x33 Core/Src/stm32f1xx_it.o
 .ARM.attributes
                0x00000000000000e3       0x33 Core/Src/system_stm32f1xx.o
 .ARM.attributes
                0x0000000000000116       0x33 Core/Src/usart.o
 .ARM.attributes
                0x0000000000000149       0x21 Core/Startup/startup_stm32f103c8tx.o
 .ARM.attributes
                0x000000000000016a       0x33 Drivers/STM32F1xx_HAL_Driver/Src/stm32f1xx_hal.o
 .ARM.attributes
                0x000000000000019d       0x33 Drivers/STM32F1xx_HAL_Driver/Src/stm32f1xx_hal_cortex.o
 .ARM.attributes
                0x00000000000001d0       0x33 Drivers/STM32F1xx_HAL_Driver/Src/stm32f1xx_hal_dma.o
 .ARM.attributes
                0x0000000000000203       0x33 Drivers/STM32F1xx_HAL_Driver/Src/stm32f1xx_hal_gpio.o
 .ARM.attributes
                0x0000000000000236       0x33 Drivers/STM32F1xx_HAL_Driver/Src/stm32f1xx_hal_rcc.o
 .ARM.attributes
                0x0000000000000269       0x33 Drivers/STM32F1xx_HAL_Driver/Src/stm32f1xx_hal_uart.o
 .ARM.attributes
                0x000000000000029c       0x2d c:/st/stm32cubeide_1.2.0/stm32cubeide/plugins/com.st.stm32cube.ide.mcu.externaltools.gnu-tools-for-stm32.7-2018-q2-update.win32_1.0.0.201904181610/tools/bin/../lib/gcc/arm-none-eabi/7.3.1/../../../../arm-none-eabi/lib/thumb/v7-m\libc_nano.a(lib_a-init.o)
 .ARM.attributes
                0x00000000000002c9       0x2d c:/st/stm32cubeide_1.2.0/stm32cubeide/plugins/com.st.stm32cube.ide.mcu.externaltools.gnu-tools-for-stm32.7-2018-q2-update.win32_1.0.0.201904181610/tools/bin/../lib/gcc/arm-none-eabi/7.3.1/../../../../arm-none-eabi/lib/thumb/v7-m\libc_nano.a(lib_a-memset.o)
 .ARM.attributes
                0x00000000000002f6       0x17 c:/st/stm32cubeide_1.2.0/stm32cubeide/plugins/com.st.stm32cube.ide.mcu.externaltools.gnu-tools-for-stm32.7-2018-q2-update.win32_1.0.0.201904181610/tools/bin/../lib/gcc/arm-none-eabi/7.3.1/../../../../arm-none-eabi/lib/thumb/v7-m\libc_nano.a(lib_a-strlen.o)
 .ARM.attributes
                0x000000000000030d       0x1d c:/st/stm32cubeide_1.2.0/stm32cubeide/plugins/com.st.stm32cube.ide.mcu.externaltools.gnu-tools-for-stm32.7-2018-q2-update.win32_1.0.0.201904181610/tools/bin/../lib/gcc/arm-none-eabi/7.3.1/thumb/v7-m/crtn.o
OUTPUT(Project 03 UART Test.elf elf32-littlearm)

.debug_info     0x0000000000000000     0x7c9f
 .debug_info    0x0000000000000000     0x101a Core/Src/main.o
 .debug_info    0x000000000000101a     0x117d Core/Src/stm32f1xx_hal_msp.o
 .debug_info    0x0000000000002197      0xe42 Core/Src/stm32f1xx_it.o
 .debug_info    0x0000000000002fd9      0x433 Core/Src/system_stm32f1xx.o
 .debug_info    0x000000000000340c      0xe1f Core/Src/usart.o
 .debug_info    0x000000000000422b       0x22 Core/Startup/startup_stm32f103c8tx.o
 .debug_info    0x000000000000424d      0x6fe Drivers/STM32F1xx_HAL_Driver/Src/stm32f1xx_hal.o
 .debug_info    0x000000000000494b      0xb46 Drivers/STM32F1xx_HAL_Driver/Src/stm32f1xx_hal_cortex.o
 .debug_info    0x0000000000005491      0x7a6 Drivers/STM32F1xx_HAL_Driver/Src/stm32f1xx_hal_dma.o
 .debug_info    0x0000000000005c37      0x681 Drivers/STM32F1xx_HAL_Driver/Src/stm32f1xx_hal_gpio.o
 .debug_info    0x00000000000062b8      0x804 Drivers/STM32F1xx_HAL_Driver/Src/stm32f1xx_hal_rcc.o
 .debug_info    0x0000000000006abc     0x11e3 Drivers/STM32F1xx_HAL_Driver/Src/stm32f1xx_hal_uart.o

.debug_abbrev   0x0000000000000000     0x15e6
 .debug_abbrev  0x0000000000000000      0x236 Core/Src/main.o
 .debug_abbrev  0x0000000000000236      0x1f7 Core/Src/stm32f1xx_hal_msp.o
 .debug_abbrev  0x000000000000042d      0x1ba Core/Src/stm32f1xx_it.o
 .debug_abbrev  0x00000000000005e7      0x134 Core/Src/system_stm32f1xx.o
 .debug_abbrev  0x000000000000071b      0x1c9 Core/Src/usart.o
 .debug_abbrev  0x00000000000008e4       0x12 Core/Startup/startup_stm32f103c8tx.o
 .debug_abbrev  0x00000000000008f6      0x1d8 Drivers/STM32F1xx_HAL_Driver/Src/stm32f1xx_hal.o
 .debug_abbrev  0x0000000000000ace      0x2d5 Drivers/STM32F1xx_HAL_Driver/Src/stm32f1xx_hal_cortex.o
 .debug_abbrev  0x0000000000000da3      0x1fe Drivers/STM32F1xx_HAL_Driver/Src/stm32f1xx_hal_dma.o
 .debug_abbrev  0x0000000000000fa1      0x1c0 Drivers/STM32F1xx_HAL_Driver/Src/stm32f1xx_hal_gpio.o
 .debug_abbrev  0x0000000000001161      0x243 Drivers/STM32F1xx_HAL_Driver/Src/stm32f1xx_hal_rcc.o
 .debug_abbrev  0x00000000000013a4      0x242 Drivers/STM32F1xx_HAL_Driver/Src/stm32f1xx_hal_uart.o

.debug_aranges  0x0000000000000000      0x668
 .debug_aranges
                0x0000000000000000       0x40 Core/Src/main.o
 .debug_aranges
                0x0000000000000040       0x30 Core/Src/stm32f1xx_hal_msp.o
 .debug_aranges
                0x0000000000000070       0x68 Core/Src/stm32f1xx_it.o
 .debug_aranges
                0x00000000000000d8       0x28 Core/Src/system_stm32f1xx.o
 .debug_aranges
                0x0000000000000100       0x28 Core/Src/usart.o
 .debug_aranges
                0x0000000000000128       0x28 Core/Startup/startup_stm32f103c8tx.o
 .debug_aranges
                0x0000000000000150       0xe0 Drivers/STM32F1xx_HAL_Driver/Src/stm32f1xx_hal.o
 .debug_aranges
                0x0000000000000230      0x100 Drivers/STM32F1xx_HAL_Driver/Src/stm32f1xx_hal_cortex.o
 .debug_aranges
                0x0000000000000330       0x80 Drivers/STM32F1xx_HAL_Driver/Src/stm32f1xx_hal_dma.o
 .debug_aranges
                0x00000000000003b0       0x58 Drivers/STM32F1xx_HAL_Driver/Src/stm32f1xx_hal_gpio.o
 .debug_aranges
                0x0000000000000408       0x90 Drivers/STM32F1xx_HAL_Driver/Src/stm32f1xx_hal_rcc.o
 .debug_aranges
                0x0000000000000498      0x1d0 Drivers/STM32F1xx_HAL_Driver/Src/stm32f1xx_hal_uart.o

.debug_ranges   0x0000000000000000      0x5b0
 .debug_ranges  0x0000000000000000       0x30 Core/Src/main.o
 .debug_ranges  0x0000000000000030       0x20 Core/Src/stm32f1xx_hal_msp.o
 .debug_ranges  0x0000000000000050       0x58 Core/Src/stm32f1xx_it.o
 .debug_ranges  0x00000000000000a8       0x18 Core/Src/system_stm32f1xx.o
 .debug_ranges  0x00000000000000c0       0x18 Core/Src/usart.o
 .debug_ranges  0x00000000000000d8       0x20 Core/Startup/startup_stm32f103c8tx.o
 .debug_ranges  0x00000000000000f8       0xd0 Drivers/STM32F1xx_HAL_Driver/Src/stm32f1xx_hal.o
 .debug_ranges  0x00000000000001c8       0xf0 Drivers/STM32F1xx_HAL_Driver/Src/stm32f1xx_hal_cortex.o
 .debug_ranges  0x00000000000002b8       0x70 Drivers/STM32F1xx_HAL_Driver/Src/stm32f1xx_hal_dma.o
 .debug_ranges  0x0000000000000328       0x48 Drivers/STM32F1xx_HAL_Driver/Src/stm32f1xx_hal_gpio.o
 .debug_ranges  0x0000000000000370       0x80 Drivers/STM32F1xx_HAL_Driver/Src/stm32f1xx_hal_rcc.o
 .debug_ranges  0x00000000000003f0      0x1c0 Drivers/STM32F1xx_HAL_Driver/Src/stm32f1xx_hal_uart.o

.debug_macro    0x0000000000000000    0x139f1
 .debug_macro   0x0000000000000000      0x276 Core/Src/main.o
 .debug_macro   0x0000000000000276      0xa5a Core/Src/main.o
 .debug_macro   0x0000000000000cd0      0x215 Core/Src/main.o
 .debug_macro   0x0000000000000ee5       0x2e Core/Src/main.o
 .debug_macro   0x0000000000000f13       0x22 Core/Src/main.o
 .debug_macro   0x0000000000000f35       0x22 Core/Src/main.o
 .debug_macro   0x0000000000000f57       0x8e Core/Src/main.o
 .debug_macro   0x0000000000000fe5       0x51 Core/Src/main.o
 .debug_macro   0x0000000000001036       0xef Core/Src/main.o
 .debug_macro   0x0000000000001125       0x6a Core/Src/main.o
 .debug_macro   0x000000000000118f      0x1df Core/Src/main.o
 .debug_macro   0x000000000000136e       0x1c Core/Src/main.o
 .debug_macro   0x000000000000138a       0x22 Core/Src/main.o
 .debug_macro   0x00000000000013ac       0xc3 Core/Src/main.o
 .debug_macro   0x000000000000146f      0xd23 Core/Src/main.o
 .debug_macro   0x0000000000002192     0xe09e Core/Src/main.o
 .debug_macro   0x0000000000010230       0x43 Core/Src/main.o
 .debug_macro   0x0000000000010273      0x174 Core/Src/main.o
 .debug_macro   0x00000000000103e7       0x5a Core/Src/main.o
 .debug_macro   0x0000000000010441      0x5be Core/Src/main.o
 .debug_macro   0x00000000000109ff      0x289 Core/Src/main.o
 .debug_macro   0x0000000000010c88      0x1cb Core/Src/main.o
 .debug_macro   0x0000000000010e53      0x114 Core/Src/main.o
 .debug_macro   0x0000000000010f67      0x1b2 Core/Src/main.o
 .debug_macro   0x0000000000011119       0x27 Core/Src/main.o
 .debug_macro   0x0000000000011140      0x136 Core/Src/main.o
 .debug_macro   0x0000000000011276      0x1bc Core/Src/main.o
 .debug_macro   0x0000000000011432       0x34 Core/Src/main.o
 .debug_macro   0x0000000000011466       0x3c Core/Src/main.o
 .debug_macro   0x00000000000114a2       0x57 Core/Src/main.o
 .debug_macro   0x00000000000114f9       0x88 Core/Src/main.o
 .debug_macro   0x0000000000011581      0x241 Core/Src/main.o
 .debug_macro   0x00000000000117c2      0x141 Core/Src/main.o
 .debug_macro   0x0000000000011903      0x26b Core/Src/main.o
 .debug_macro   0x0000000000011b6e       0x83 Core/Src/main.o
 .debug_macro   0x0000000000011bf1       0x46 Core/Src/main.o
 .debug_macro   0x0000000000011c37       0x18 Core/Src/main.o
 .debug_macro   0x0000000000011c4f       0x3c Core/Src/main.o
 .debug_macro   0x0000000000011c8b       0x3a Core/Src/main.o
 .debug_macro   0x0000000000011cc5       0x35 Core/Src/main.o
 .debug_macro   0x0000000000011cfa      0x460 Core/Src/main.o
 .debug_macro   0x000000000001215a       0x52 Core/Src/main.o
 .debug_macro   0x00000000000121ac       0x1f Core/Src/main.o
 .debug_macro   0x00000000000121cb       0x43 Core/Src/main.o
 .debug_macro   0x000000000001220e       0x20 Core/Src/main.o
 .debug_macro   0x000000000001222e      0x1a3 Core/Src/main.o
 .debug_macro   0x00000000000123d1      0x32a Core/Src/main.o
 .debug_macro   0x00000000000126fb       0x10 Core/Src/main.o
 .debug_macro   0x000000000001270b       0x20 Core/Src/main.o
 .debug_macro   0x000000000001272b      0x276 Core/Src/stm32f1xx_hal_msp.o
 .debug_macro   0x00000000000129a1      0x280 Core/Src/stm32f1xx_it.o
 .debug_macro   0x0000000000012c21      0x18b Core/Src/system_stm32f1xx.o
 .debug_macro   0x0000000000012dac      0x275 Core/Src/usart.o
 .debug_macro   0x0000000000013021       0x10 Core/Src/usart.o
 .debug_macro   0x0000000000013031      0x1a9 Drivers/STM32F1xx_HAL_Driver/Src/stm32f1xx_hal.o
 .debug_macro   0x00000000000131da      0x185 Drivers/STM32F1xx_HAL_Driver/Src/stm32f1xx_hal_cortex.o
 .debug_macro   0x000000000001335f      0x185 Drivers/STM32F1xx_HAL_Driver/Src/stm32f1xx_hal_dma.o
 .debug_macro   0x00000000000134e4      0x1f0 Drivers/STM32F1xx_HAL_Driver/Src/stm32f1xx_hal_gpio.o
 .debug_macro   0x00000000000136d4      0x197 Drivers/STM32F1xx_HAL_Driver/Src/stm32f1xx_hal_rcc.o
 .debug_macro   0x000000000001386b      0x186 Drivers/STM32F1xx_HAL_Driver/Src/stm32f1xx_hal_uart.o

.debug_line     0x0000000000000000     0x602b
 .debug_line    0x0000000000000000      0x7ec Core/Src/main.o
 .debug_line    0x00000000000007ec      0x7a7 Core/Src/stm32f1xx_hal_msp.o
 .debug_line    0x0000000000000f93      0x828 Core/Src/stm32f1xx_it.o
 .debug_line    0x00000000000017bb      0x636 Core/Src/system_stm32f1xx.o
 .debug_line    0x0000000000001df1      0x775 Core/Src/usart.o
 .debug_line    0x0000000000002566       0x84 Core/Startup/startup_stm32f103c8tx.o
 .debug_line    0x00000000000025ea      0x7de Drivers/STM32F1xx_HAL_Driver/Src/stm32f1xx_hal.o
 .debug_line    0x0000000000002dc8      0x8b7 Drivers/STM32F1xx_HAL_Driver/Src/stm32f1xx_hal_cortex.o
 .debug_line    0x000000000000367f      0xa45 Drivers/STM32F1xx_HAL_Driver/Src/stm32f1xx_hal_dma.o
 .debug_line    0x00000000000040c4      0x7de Drivers/STM32F1xx_HAL_Driver/Src/stm32f1xx_hal_gpio.o
 .debug_line    0x00000000000048a2      0x8a0 Drivers/STM32F1xx_HAL_Driver/Src/stm32f1xx_hal_rcc.o
 .debug_line    0x0000000000005142      0xee9 Drivers/STM32F1xx_HAL_Driver/Src/stm32f1xx_hal_uart.o

.debug_str      0x0000000000000000    0x6a266
 .debug_str     0x0000000000000000    0x689aa Core/Src/main.o
                                      0x68d0a (size before relaxing)
 .debug_str     0x00000000000689aa      0x32b Core/Src/stm32f1xx_hal_msp.o
                                      0x68f01 (size before relaxing)
 .debug_str     0x0000000000068cd5       0xcf Core/Src/stm32f1xx_it.o
                                      0x68bf5 (size before relaxing)
 .debug_str     0x0000000000068da4       0xc2 Core/Src/system_stm32f1xx.o
                                      0x648be (size before relaxing)
 .debug_str     0x0000000000068e66       0x39 Core/Src/usart.o
                                      0x68b68 (size before relaxing)
 .debug_str     0x0000000000068e9f       0x36 Core/Startup/startup_stm32f103c8tx.o
                                         0x95 (size before relaxing)
 .debug_str     0x0000000000068ed5      0x3c5 Drivers/STM32F1xx_HAL_Driver/Src/stm32f1xx_hal.o
                                      0x64ecf (size before relaxing)
 .debug_str     0x000000000006929a      0x2c8 Drivers/STM32F1xx_HAL_Driver/Src/stm32f1xx_hal_cortex.o
                                      0x64edd (size before relaxing)
 .debug_str     0x0000000000069562      0x244 Drivers/STM32F1xx_HAL_Driver/Src/stm32f1xx_hal_dma.o
                                      0x64c1f (size before relaxing)
 .debug_str     0x00000000000697a6      0x33b Drivers/STM32F1xx_HAL_Driver/Src/stm32f1xx_hal_gpio.o
                                      0x64c08 (size before relaxing)
 .debug_str     0x0000000000069ae1      0x263 Drivers/STM32F1xx_HAL_Driver/Src/stm32f1xx_hal_rcc.o
                                      0x64c41 (size before relaxing)
 .debug_str     0x0000000000069d44      0x522 Drivers/STM32F1xx_HAL_Driver/Src/stm32f1xx_hal_uart.o
                                      0x65130 (size before relaxing)

.comment        0x0000000000000000       0x7b
 .comment       0x0000000000000000       0x7b Core/Src/main.o
                                         0x7c (size before relaxing)
 .comment       0x000000000000007b       0x7c Core/Src/stm32f1xx_hal_msp.o
 .comment       0x000000000000007b       0x7c Core/Src/stm32f1xx_it.o
 .comment       0x000000000000007b       0x7c Core/Src/system_stm32f1xx.o
 .comment       0x000000000000007b       0x7c Core/Src/usart.o
 .comment       0x000000000000007b       0x7c Drivers/STM32F1xx_HAL_Driver/Src/stm32f1xx_hal.o
 .comment       0x000000000000007b       0x7c Drivers/STM32F1xx_HAL_Driver/Src/stm32f1xx_hal_cortex.o
 .comment       0x000000000000007b       0x7c Drivers/STM32F1xx_HAL_Driver/Src/stm32f1xx_hal_dma.o
 .comment       0x000000000000007b       0x7c Drivers/STM32F1xx_HAL_Driver/Src/stm32f1xx_hal_gpio.o
 .comment       0x000000000000007b       0x7c Drivers/STM32F1xx_HAL_Driver/Src/stm32f1xx_hal_rcc.o
 .comment       0x000000000000007b       0x7c Drivers/STM32F1xx_HAL_Driver/Src/stm32f1xx_hal_uart.o

.debug_frame    0x0000000000000000     0x185c
 .debug_frame   0x0000000000000000       0xb8 Core/Src/main.o
 .debug_frame   0x00000000000000b8       0x80 Core/Src/stm32f1xx_hal_msp.o
 .debug_frame   0x0000000000000138      0x128 Core/Src/stm32f1xx_it.o
 .debug_frame   0x0000000000000260       0x58 Core/Src/system_stm32f1xx.o
 .debug_frame   0x00000000000002b8       0x58 Core/Src/usart.o
 .debug_frame   0x0000000000000310      0x334 Drivers/STM32F1xx_HAL_Driver/Src/stm32f1xx_hal.o
 .debug_frame   0x0000000000000644      0x428 Drivers/STM32F1xx_HAL_Driver/Src/stm32f1xx_hal_cortex.o
 .debug_frame   0x0000000000000a6c      0x208 Drivers/STM32F1xx_HAL_Driver/Src/stm32f1xx_hal_dma.o
 .debug_frame   0x0000000000000c74      0x14c Drivers/STM32F1xx_HAL_Driver/Src/stm32f1xx_hal_gpio.o
 .debug_frame   0x0000000000000dc0      0x21c Drivers/STM32F1xx_HAL_Driver/Src/stm32f1xx_hal_rcc.o
 .debug_frame   0x0000000000000fdc      0x834 Drivers/STM32F1xx_HAL_Driver/Src/stm32f1xx_hal_uart.o
 .debug_frame   0x0000000000001810       0x2c c:/st/stm32cubeide_1.2.0/stm32cubeide/plugins/com.st.stm32cube.ide.mcu.externaltools.gnu-tools-for-stm32.7-2018-q2-update.win32_1.0.0.201904181610/tools/bin/../lib/gcc/arm-none-eabi/7.3.1/../../../../arm-none-eabi/lib/thumb/v7-m\libc_nano.a(lib_a-init.o)
 .debug_frame   0x000000000000183c       0x20 c:/st/stm32cubeide_1.2.0/stm32cubeide/plugins/com.st.stm32cube.ide.mcu.externaltools.gnu-tools-for-stm32.7-2018-q2-update.win32_1.0.0.201904181610/tools/bin/../lib/gcc/arm-none-eabi/7.3.1/../../../../arm-none-eabi/lib/thumb/v7-m\libc_nano.a(lib_a-memset.o)
